INFO:root:START
